// Jest Snapshot v1, https://goo.gl/fbAQLP

exports[`Header component renders correctly with props 1`] = `
<WithStyles(AppBar)
  position="static"
>
  <WithStyles(Toolbar)>
    <pure(PhotoCameraIcon) />
    <WithStyles(Typography)
      color="inherit"
      noWrap={true}
      variant="h6"
    >
      test
    </WithStyles(Typography)>
  </WithStyles(Toolbar)>
</WithStyles(AppBar)>
`;
